// Jest Snapshot v1, https://goo.gl/fbAQLP

exports[`<Accordion/> should renders the <Accordion/> with populated data 1`] = `
<div
  class="accordion__Container-l3iym9-0 fXsxPD"
>
  <div
    class="accordion__Inner-l3iym9-1 hhulRI"
  >
    <h1
      class="accordion__Title-l3iym9-5 dlhLjy"
    >
      Frequently Asked Questions
    </h1>
    <div
      class="accordion__Item-l3iym9-2 guEcO"
    >
      <div
        class="accordion__Header-l3iym9-3 ipyhCc"
      >
        What is Netflix?
        <img
          alt="Open"
          src="/images/icons/add.png"
        />
      </div>
    </div>
    <div
      class="accordion__Item-l3iym9-2 guEcO"
    >
      <div
        class="accordion__Header-l3iym9-3 ipyhCc"
      >
        How much does Netflix cost?
        <img
          alt="Open"
          src="/images/icons/add.png"
        />
      </div>
    </div>
    <div
      class="accordion__Item-l3iym9-2 guEcO"
    >
      <div
        class="accordion__Header-l3iym9-3 ipyhCc"
      >
        Where can I watch?
        <img
          alt="Open"
          src="/images/icons/add.png"
        />
      </div>
    </div>
    <div
      class="accordion__Item-l3iym9-2 guEcO"
    >
      <div
        class="accordion__Header-l3iym9-3 ipyhCc"
      >
        How do I cancel?
        <img
          alt="Open"
          src="/images/icons/add.png"
        />
      </div>
    </div>
    <div
      class="accordion__Item-l3iym9-2 guEcO"
    >
      <div
        class="accordion__Header-l3iym9-3 ipyhCc"
      >
        What can I watch on Netflix?
        <img
          alt="Open"
          src="/images/icons/add.png"
        />
      </div>
    </div>
  </div>
</div>
`;
